Component: ARM Compiler 5.06 update 6 (build 750) Tool: armlink [4d35ed]

==============================================================================

Section Cross References

    arduino.o(.text) refers to gpio.o(.text) for GPIO_begin
    arduino.o(.text) refers to pwm.o(.text) for PWM_Init
    arduino.o(.text) refers to adc.o(.text) for Get_ADC
    arduino.o(.text) refers to delay.o(.text) for millis
    arduino.o(.text) refers to dadd.o(.text) for __aeabi_dsub
    arduino.o(.text) refers to dmul.o(.text) for __aeabi_dmul
    arduino.o(.text) refers to ddiv.o(.text) for __aeabi_ddiv
    arduino.o(.text) refers to gpio.o(.constdata) for PIN_MAP
    dtostrf.o(.text) refers to printfa.o(i.__0sprintf) for __2sprintf
    print.o(.text) refers to uldiv.o(.text) for __aeabi_uldivmod
    print.o(.text) refers to cdrcmple.o(.text) for __aeabi_cdrcmple
    print.o(.text) refers to cdcmple.o(.text) for __aeabi_cdcmple
    print.o(.text) refers to ddiv.o(.text) for __aeabi_ddiv
    print.o(.text) refers to dadd.o(.text) for __aeabi_dadd
    print.o(.text) refers to dfixl.o(.text) for __aeabi_d2lz
    print.o(.text) refers to dfltl.o(.text) for __aeabi_l2d
    print.o(.text) refers to dmul.o(.text) for __aeabi_dmul
    print.o(.text) refers to dfixi.o(.text) for __aeabi_d2iz
    print.o(.text) refers to dflti.o(.text) for __aeabi_i2d
    print.o(.text) refers to printfa.o(i.__0vsprintf) for __c89vsprintf
    print.o(.ARM.exidx) refers to print.o(.text) for .text
    hardwareserial.o(.text) refers to usart.o(.text) for usart_init
    hardwareserial.o(.text) refers to stm32f10x_usart.o(.text) for USART_Cmd
    hardwareserial.o(.text) refers to print.o(.constdata__ZTV5Print) for vtable for Print
    hardwareserial.o(.text) refers to hardwareserial.o(.constdata__ZTV6Stream) for vtable for Stream
    hardwareserial.o(.text) refers to hardwareserial.o(.constdata__ZTV14HardwareSerial) for vtable for HardwareSerial
    hardwareserial.o(.text) refers to usart.o(.data) for _rx_buffer_head
    hardwareserial.o(.text) refers to usart.o(.bss) for _rx_buffer
    hardwareserial.o(.text) refers to hardwareserial.o(.bss) for Serial
    hardwareserial.o(.ARM.exidx) refers to hardwareserial.o(.text) for .text
    hardwareserial.o(.init_array) refers to hardwareserial.o(.text) for __sti___18_HardwareSerial_cpp_cfa1b6a6
    hardwareserial.o(.init_array) refers to cpp_init.o(.text) for __cpp_initialize__aeabi_
    stream.o(.text) refers to delay.o(.text) for millis
    stream.o(.text) refers to strlen.o(.text) for strlen
    stream.o(.text) refers to f2d.o(.text) for __aeabi_f2d
    stream.o(.text) refers to dmul.o(.text) for __aeabi_dmul
    stream.o(.text) refers to d2f.o(.text) for __aeabi_d2f
    stream.o(.text) refers to fflti.o(.text) for __aeabi_i2f
    stream.o(.text) refers to fmul.o(.text) for __aeabi_fmul
    stream.o(.text) refers to wstring.o(.text) for String::String(const char*)
    stream.o(.text) refers to stream.o(i._ZN6StringpLEc) for String::operator +=(char)
    stream.o(.ARM.exidx) refers to stream.o(.text) for .text
    wstring.o(.text) refers to mallocr.o(i.__free$realloc) for free
    wstring.o(.text) refers to mallocr.o(i.realloc) for realloc
    wstring.o(.text) refers to strcpy.o(.text) for strcpy
    wstring.o(.text) refers to strlen.o(.text) for strlen
    wstring.o(.text) refers to itoa.o(.text) for itoa
    wstring.o(.text) refers to f2d.o(.text) for __aeabi_f2d
    wstring.o(.text) refers to dtostrf.o(.text) for dtostrf
    wstring.o(.text) refers to wstring.o(i._ZN6String4initEv) for String::init()
    wstring.o(.text) refers to strcmp.o(.text) for strcmp
    wstring.o(.text) refers to tolower.o(.text) for tolower
    wstring.o(.text) refers to strncmp.o(.text) for strncmp
    wstring.o(.text) refers to strncpy.o(.text) for strncpy
    wstring.o(.text) refers to strchr.o(.text) for strchr
    wstring.o(.text) refers to wstring.o(i._ZSt6strstrPcPKc) for std::strstr(char*, const char*)
    wstring.o(.text) refers to strrchr.o(.text) for strrchr
    wstring.o(.text) refers to memmovea.o(.text) for __aeabi_memcpy
    wstring.o(.text) refers to wstring.o(.data) for dummy_writable_char
    wstring.o(.text) refers to toupper.o(.text) for toupper
    wstring.o(.text) refers to wstring.o(i.isspace) for isspace
    wstring.o(.text) refers to atol.o(.text) for atol
    wstring.o(.text) refers to atof.o(i.atof) for atof
    wstring.o(.text) refers to d2f.o(.text) for __aeabi_d2f
    wstring.o(.ARM.exidx) refers to wstring.o(.text) for .text
    wire.o(.text) refers to delay.o(.text) for delay_us
    wire.o(.text) refers to arduino.o(.text) for digitalWrite
    wire.o(.text) refers to aeabi_atexit.o(.text) for __aeabi_atexit
    wire.o(.text) refers to wirebase.o(.constdata__ZTV8WireBase) for vtable for WireBase
    wire.o(.text) refers to wire.o(.constdata__ZTV7TwoWire) for vtable for TwoWire
[...]
    SPI_TransmitCRC                          0x0801b6af   Thumb Code    10  stm32f10x_spi.o(.text)
    SPI_CalculateCRC                         0x0801b6b9   Thumb Code    24  stm32f10x_spi.o(.text)
    SPI_GetCRC                               0x0801b6d1   Thumb Code    16  stm32f10x_spi.o(.text)
    SPI_GetCRCPolynomial                     0x0801b6e1   Thumb Code     6  stm32f10x_spi.o(.text)
    SPI_BiDirectionalLineConfig              0x0801b6e7   Thumb Code    28  stm32f10x_spi.o(.text)
    SPI_I2S_GetFlagStatus                    0x0801b703   Thumb Code    18  stm32f10x_spi.o(.text)
    SPI_I2S_ClearFlag                        0x0801b715   Thumb Code     6  stm32f10x_spi.o(.text)
    SPI_I2S_GetITStatus                      0x0801b71b   Thumb Code    52  stm32f10x_spi.o(.text)
    SPI_I2S_ClearITPendingBit                0x0801b74f   Thumb Code    20  stm32f10x_spi.o(.text)
    TIM_DeInit                               0x0801b771   Thumb Code   424  stm32f10x_tim.o(.text)
    TIM_TimeBaseInit                         0x0801b919   Thumb Code   122  stm32f10x_tim.o(.text)
    TIM_OC1Init                              0x0801b993   Thumb Code   132  stm32f10x_tim.o(.text)
    TIM_OC2Init                              0x0801ba17   Thumb Code   154  stm32f10x_tim.o(.text)
    TIM_OC3Init                              0x0801bab1   Thumb Code   150  stm32f10x_tim.o(.text)
    TIM_OC4Init                              0x0801bb47   Thumb Code   182  stm32f10x_tim.o(.text)
    TIM_SetIC4Prescaler                      0x0801bbfd   Thumb Code    26  stm32f10x_tim.o(.text)
    TIM_SetIC3Prescaler                      0x0801bc99   Thumb Code    18  stm32f10x_tim.o(.text)
    TIM_SetIC2Prescaler                      0x0801bd25   Thumb Code    26  stm32f10x_tim.o(.text)
    TIM_SetIC1Prescaler                      0x0801bdc1   Thumb Code    18  stm32f10x_tim.o(.text)
    TIM_ICInit                               0x0801be3f   Thumb Code   150  stm32f10x_tim.o(.text)
    TIM_PWMIConfig                           0x0801bed5   Thumb Code   124  stm32f10x_tim.o(.text)
    TIM_BDTRConfig                           0x0801bf51   Thumb Code    32  stm32f10x_tim.o(.text)
    TIM_TimeBaseStructInit                   0x0801bf71   Thumb Code    18  stm32f10x_tim.o(.text)
    TIM_OCStructInit                         0x0801bf83   Thumb Code    20  stm32f10x_tim.o(.text)
    TIM_ICStructInit                         0x0801bf97   Thumb Code    18  stm32f10x_tim.o(.text)
    TIM_BDTRStructInit                       0x0801bfa9   Thumb Code    40  stm32f10x_tim.o(.text)
    TIM_Cmd                                  0x0801bfd1   Thumb Code    24  stm32f10x_tim.o(.text)
    TIM_CtrlPWMOutputs                       0x0801bfe9   Thumb Code    30  stm32f10x_tim.o(.text)
    TIM_ITConfig                             0x0801c007   Thumb Code    18  stm32f10x_tim.o(.text)
    TIM_GenerateEvent                        0x0801c019   Thumb Code     4  stm32f10x_tim.o(.text)
    TIM_DMAConfig                            0x0801c01d   Thumb Code    10  stm32f10x_tim.o(.text)
    TIM_DMACmd                               0x0801c027   Thumb Code    18  stm32f10x_tim.o(.text)
    TIM_InternalClockConfig                  0x0801c039   Thumb Code    12  stm32f10x_tim.o(.text)
    TIM_SelectInputTrigger                   0x0801c045   Thumb Code    18  stm32f10x_tim.o(.text)
    TIM_ITRxExternalClockConfig              0x0801c057   Thumb Code    24  stm32f10x_tim.o(.text)
    TIM_TIxExternalClockConfig               0x0801c06f   Thumb Code    62  stm32f10x_tim.o(.text)
    TIM_ETRConfig                            0x0801c0ad   Thumb Code    28  stm32f10x_tim.o(.text)
    TIM_ETRClockMode1Config                  0x0801c0c9   Thumb Code    54  stm32f10x_tim.o(.text)
    TIM_ETRClockMode2Config                  0x0801c0ff   Thumb Code    32  stm32f10x_tim.o(.text)
    TIM_PrescalerConfig                      0x0801c11f   Thumb Code     6  stm32f10x_tim.o(.text)
    TIM_CounterModeConfig                    0x0801c125   Thumb Code    18  stm32f10x_tim.o(.text)
    TIM_EncoderInterfaceConfig               0x0801c137   Thumb Code    66  stm32f10x_tim.o(.text)
    TIM_ForcedOC1Config                      0x0801c179   Thumb Code    18  stm32f10x_tim.o(.text)
    TIM_ForcedOC2Config                      0x0801c18b   Thumb Code    26  stm32f10x_tim.o(.text)
    TIM_ForcedOC3Config                      0x0801c1a5   Thumb Code    18  stm32f10x_tim.o(.text)
    TIM_ForcedOC4Config                      0x0801c1b7   Thumb Code    26  stm32f10x_tim.o(.text)
    TIM_ARRPreloadConfig                     0x0801c1d1   Thumb Code    24  stm32f10x_tim.o(.text)
    TIM_SelectCOM                            0x0801c1e9   Thumb Code    24  stm32f10x_tim.o(.text)
    TIM_SelectCCDMA                          0x0801c201   Thumb Code    24  stm32f10x_tim.o(.text)
    TIM_CCPreloadControl                     0x0801c219   Thumb Code    24  stm32f10x_tim.o(.text)
    TIM_OC1PreloadConfig                     0x0801c231   Thumb Code    18  stm32f10x_tim.o(.text)
    TIM_OC2PreloadConfig                     0x0801c243   Thumb Code    26  stm32f10x_tim.o(.text)
    TIM_OC3PreloadConfig                     0x0801c25d   Thumb Code    18  stm32f10x_tim.o(.text)
    TIM_OC4PreloadConfig                     0x0801c26f   Thumb Code    26  stm32f10x_tim.o(.text)
    TIM_OC1FastConfig                        0x0801c289   Thumb Code    18  stm32f10x_tim.o(.text)
    TIM_OC2FastConfig                        0x0801c29b   Thumb Code    26  stm32f10x_tim.o(.text)
    TIM_OC3FastConfig                        0x0801c2b5   Thumb Code    18  stm32f10x_tim.o(.text)
    TIM_OC4FastConfig                        0x0801c2c7   Thumb Code    26  stm32f10x_tim.o(.text)
    TIM_ClearOC1Ref                          0x0801c2e1   Thumb Code    18  stm32f10x_tim.o(.text)
    TIM_ClearOC2Ref                          0x0801c2f3   Thumb Code    24  stm32f10x_tim.o(.text)
    TIM_ClearOC3Ref                          0x0801c30b   Thumb Code    18  stm32f10x_tim.o(.text)
    TIM_ClearOC4Ref                          0x0801c31d   Thumb Code    24  stm32f10x_tim.o(.text)
    TIM_OC1PolarityConfig                    0x0801c335   Thumb Code    18  stm32f10x_tim.o(.text)
    TIM_OC1NPolarityConfig                   0x0801c347   Thumb Code    18  stm32f10x_tim.o(.text)
    TIM_OC2PolarityConfig                    0x0801c359   Thumb Code    26  stm32f10x_tim.o(.text)
    TIM_OC2NPolarityConfig                   0x0801c373   Thumb Code    26  stm32f10x_tim.o(.text)
    TIM_OC3PolarityConfig                    0x0801c38d   Thumb Code    26  stm32f10x_tim.o(.text)
    TIM_OC3NPolarityConfig                   0x0801c3a7   Thumb Code    26  stm32f10x_tim.o(.text)
    TIM_OC4PolarityConfig                    0x0801c3c1   Thumb Code    26  stm32f10x_tim.o(.text)
    TIM_CCxCmd                               0x0801c3db   Thumb Code    30  stm32f10x_tim.o(.text)
    TIM_CCxNCmd                              0x0801c3f9   Thumb Code    30  stm32f10x_tim.o(.text)
    TIM_SelectOCxM                           0x0801c417   Thumb Code    82  stm32f10x_tim.o(.text)
    TIM_UpdateDisableConfig                  0x0801c469   Thumb Code    24  stm32f10x_tim.o(.text)
    TIM_UpdateRequestConfig                  0x0801c481   Thumb Code    24  stm32f10x_tim.o(.text)
    TIM_SelectHallSensor                     0x0801c499   Thumb Code    24  stm32f10x_tim.o(.text)
    TIM_SelectOnePulseMode                   0x0801c4b1   Thumb Code    18  stm32f10x_tim.o(.text)
    TIM_SelectOutputTrigger                  0x0801c4c3   Thumb Code    18  stm32f10x_tim.o(.text)
    TIM_SelectSlaveMode                      0x0801c4d5   Thumb Code    18  stm32f10x_tim.o(.text)
    TIM_SelectMasterSlaveMode                0x0801c4e7   Thumb Code    18  stm32f10x_tim.o(.text)
    TIM_SetCounter                           0x0801c4f9   Thumb Code     4  stm32f10x_tim.o(.text)
    TIM_SetAutoreload                        0x0801c4fd   Thumb Code     4  stm32f10x_tim.o(.text)
    TIM_SetCompare1                          0x0801c501   Thumb Code     4  stm32f10x_tim.o(.text)
    TIM_SetCompare2                          0x0801c505   Thumb Code     4  stm32f10x_tim.o(.text)
    TIM_SetCompare3                          0x0801c509   Thumb Code     4  stm32f10x_tim.o(.text)
    TIM_SetCompare4                          0x0801c50d   Thumb Code     6  stm32f10x_tim.o(.text)
    TIM_SetClockDivision                     0x0801c513   Thumb Code    18  stm32f10x_tim.o(.text)
    TIM_GetCapture1                          0x0801c525   Thumb Code     6  stm32f10x_tim.o(.text)
    TIM_GetCapture2                          0x0801c52b   Thumb Code     6  stm32f10x_tim.o(.text)
    TIM_GetCapture3                          0x0801c531   Thumb Code     6  stm32f10x_tim.o(.text)
    TIM_GetCapture4                          0x0801c537   Thumb Code     8  stm32f10x_tim.o(.text)
    TIM_GetCounter                           0x0801c53f   Thumb Code     6  stm32f10x_tim.o(.text)
    TIM_GetPrescaler                         0x0801c545   Thumb Code     6  stm32f10x_tim.o(.text)
    TIM_GetFlagStatus                        0x0801c54b   Thumb Code    18  stm32f10x_tim.o(.text)
    TIM_ClearFlag                            0x0801c55d   Thumb Code     6  stm32f10x_tim.o(.text)
    TIM_GetITStatus                          0x0801c563   Thumb Code    34  stm32f10x_tim.o(.text)
    TIM_ClearITPendingBit                    0x0801c585   Thumb Code     6  stm32f10x_tim.o(.text)
    USART_DeInit                             0x0801c58d   Thumb Code   134  stm32f10x_usart.o(.text)
    USART_Init                               0x0801c613   Thumb Code   210  stm32f10x_usart.o(.text)
    USART_StructInit                         0x0801c6e5   Thumb Code    24  stm32f10x_usart.o(.text)
    USART_ClockInit                          0x0801c6fd   Thumb Code    34  stm32f10x_usart.o(.text)
    USART_ClockStructInit                    0x0801c71f   Thumb Code    12  stm32f10x_usart.o(.text)
    USART_Cmd                                0x0801c72b   Thumb Code    24  stm32f10x_usart.o(.text)
    USART_ITConfig                           0x0801c743   Thumb Code    74  stm32f10x_usart.o(.text)
    USART_DMACmd                             0x0801c78d   Thumb Code    18  stm32f10x_usart.o(.text)
    USART_SetAddress                         0x0801c79f   Thumb Code    18  stm32f10x_usart.o(.text)
    USART_WakeUpConfig                       0x0801c7b1   Thumb Code    18  stm32f10x_usart.o(.text)
    USART_ReceiverWakeUpCmd                  0x0801c7c3   Thumb Code    24  stm32f10x_usart.o(.text)
    USART_LINBreakDetectLengthConfig         0x0801c7db   Thumb Code    18  stm32f10x_usart.o(.text)
    USART_LINCmd                             0x0801c7ed   Thumb Code    24  stm32f10x_usart.o(.text)
    USART_SendData                           0x0801c805   Thumb Code     8  stm32f10x_usart.o(.text)
    USART_ReceiveData                        0x0801c80d   Thumb Code    10  stm32f10x_usart.o(.text)
    USART_SendBreak                          0x0801c817   Thumb Code    10  stm32f10x_usart.o(.text)
    USART_SetGuardTime                       0x0801c821   Thumb Code    16  stm32f10x_usart.o(.text)
    USART_SetPrescaler                       0x0801c831   Thumb Code    16  stm32f10x_usart.o(.text)
    USART_SmartCardCmd                       0x0801c841   Thumb Code    24  stm32f10x_usart.o(.text)
    USART_SmartCardNACKCmd                   0x0801c859   Thumb Code    24  stm32f10x_usart.o(.text)
    USART_HalfDuplexCmd                      0x0801c871   Thumb Code    24  stm32f10x_usart.o(.text)
    USART_OverSampling8Cmd                   0x0801c889   Thumb Code    22  stm32f10x_usart.o(.text)
    USART_OneBitMethodCmd                    0x0801c89f   Thumb Code    24  stm32f10x_usart.o(.text)
    USART_IrDAConfig                         0x0801c8b7   Thumb Code    18  stm32f10x_usart.o(.text)
    USART_IrDACmd                            0x0801c8c9   Thumb Code    24  stm32f10x_usart.o(.text)
    USART_GetFlagStatus                      0x0801c8e1   Thumb Code    26  stm32f10x_usart.o(.text)
    USART_ClearFlag                          0x0801c8fb   Thumb Code    18  stm32f10x_usart.o(.text)
    USART_GetITStatus                        0x0801c90d   Thumb Code    84  stm32f10x_usart.o(.text)
    USART_ClearITPendingBit                  0x0801c961   Thumb Code    52  stm32f10x_usart.o(.text)
    Reset_Handler                            0x0801c995   Thumb Code     8  startup_stm32f10x_hd.o(.text)
    NMI_Handler                              0x0801c99d   Thumb Code     2  startup_stm32f10x_hd.o(.text)
    HardFault_Handler                        0x0801c99f   Thumb Code     2  startup_stm32f10x_hd.o(.text)
    MemManage_Handler                        0x0801c9a1   Thumb Code     2  startup_stm32f10x_hd.o(.text)
    BusFault_Handler                         0x0801c9a3   Thumb Code     2  startup_stm32f10x_hd.o(.text)
    UsageFault_Handler                       0x0801c9a5   Thumb Code     2  startup_stm32f10x_hd.o(.text)
    SVC_Handler                              0x0801c9a7   Thumb Code     2  startup_stm32f10x_hd.o(.text)
    DebugMon_Handler                         0x0801c9a9   Thumb Code     2  startup_stm32f10x_hd.o(.text)
    PendSV_Handler                           0x0801c9ab   Thumb Code     2  startup_stm32f10x_hd.o(.text)
    ADC1_2_IRQHandler                        0x0801c9af   Thumb Code     0  startup_stm32f10x_hd.o(.text)
    ADC3_IRQHandler                          0x0801c9af   Thumb Code     0  startup_stm32f10x_hd.o(.text)
    CAN1_RX1_IRQHandler                      0x0801c9af   Thumb Code     0  startup_stm32f10x_hd.o(.text)
    CAN1_SCE_IRQHandler                      0x0801c9af   Thumb Code     0  startup_stm32f10x_hd.o(.text)
    DMA1_Channel1_IRQHandler                 0x0801c9af   Thumb Code     0  startup_stm32f10x_hd.o(.text)
    DMA1_Channel2_IRQHandler                 0x0801c9af   Thumb Code     0  startup_stm32f10x_hd.o(.text)
    DMA1_Channel3_IRQHandler                 0x0801c9af   Thumb Code     0  startup_stm32f10x_hd.o(.text)
    DMA1_Channel4_IRQHandler                 0x0801c9af   Thumb Code     0  startup_stm32f10x_hd.o(.text)
    DMA1_Channel5_IRQHandler                 0x0801c9af   Thumb Code     0  startup_stm32f10x_hd.o(.text)
    DMA1_Channel6_IRQHandler                 0x0801c9af   Thumb Code     0  startup_stm32f10x_hd.o(.text)
    DMA1_Channel7_IRQHandler                 0x0801c9af   Thumb Code     0  startup_stm32f10x_hd.o(.text)
    DMA2_Channel1_IRQHandler                 0x0801c9af   Thumb Code     0  startup_stm32f10x_hd.o(.text)
    DMA2_Channel2_IRQHandler                 0x0801c9af   Thumb Code     0  startup_stm32f10x_hd.o(.text)
    DMA2_Channel3_IRQHandler                 0x0801c9af   Thumb Code     0  startup_stm32f10x_hd.o(.text)
    DMA2_Channel4_5_IRQHandler               0x0801c9af   Thumb Code     0  startup_stm32f10x_hd.o(.text)
    FLASH_IRQHandler                         0x0801c9af   Thumb Code     0  startup_stm32f10x_hd.o(.text)
    FSMC_IRQHandler                          0x0801c9af   Thumb Code     0  startup_stm32f10x_hd.o(.text)
    I2C1_ER_IRQHandler                       0x0801c9af   Thumb Code     0  startup_stm32f10x_hd.o(.text)
    I2C1_EV_IRQHandler                       0x0801c9af   Thumb Code     0  startup_stm32f10x_hd.o(.text)
    I2C2_ER_IRQHandler                       0x0801c9af   Thumb Code     0  startup_stm32f10x_hd.o(.text)
    I2C2_EV_IRQHandler                       0x0801c9af   Thumb Code     0  startup_stm32f10x_hd.o(.text)
    PVD_IRQHandler                           0x0801c9af   Thumb Code     0  startup_stm32f10x_hd.o(.text)
    RCC_IRQHandler                           0x0801c9af   Thumb Code     0  startup_stm32f10x_hd.o(.text)
    RTCAlarm_IRQHandler                      0x0801c9af   Thumb Code     0  startup_stm32f10x_hd.o(.text)
    RTC_IRQHandler                           0x0801c9af   Thumb Code     0  startup_stm32f10x_hd.o(.text)
    SDIO_IRQHandler                          0x0801c9af   Thumb Code     0  startup_stm32f10x_hd.o(.text)
    SPI1_IRQHandler                          0x0801c9af   Thumb Code     0  startup_stm32f10x_hd.o(.text)
    SPI2_IRQHandler                          0x0801c9af   Thumb Code     0  startup_stm32f10x_hd.o(.text)
    SPI3_IRQHandler                          0x0801c9af   Thumb Code     0  startup_stm32f10x_hd.o(.text)
    TAMPER_IRQHandler                        0x0801c9af   Thumb Code     0  startup_stm32f10x_hd.o(.text)
    TIM1_BRK_IRQHandler                      0x0801c9af   Thumb Code     0  startup_stm32f10x_hd.o(.text)
    TIM1_CC_IRQHandler                       0x0801c9af   Thumb Code     0  startup_stm32f10x_hd.o(.text)
    TIM1_TRG_COM_IRQHandler                  0x0801c9af   Thumb Code     0  startup_stm32f10x_hd.o(.text)
    TIM8_BRK_IRQHandler                      0x0801c9af   Thumb Code     0  startup_stm32f10x_hd.o(.text)
    TIM8_CC_IRQHandler                       0x0801c9af   Thumb Code     0  startup_stm32f10x_hd.o(.text)
    TIM8_TRG_COM_IRQHandler                  0x0801c9af   Thumb Code     0  startup_stm32f10x_hd.o(.text)
    UART4_IRQHandler                         0x0801c9af   Thumb Code     0  startup_stm32f10x_hd.o(.text)
    UART5_IRQHandler                         0x0801c9af   Thumb Code     0  startup_stm32f10x_hd.o(.text)
    USBWakeUp_IRQHandler                     0x0801c9af   Thumb Code     0  startup_stm32f10x_hd.o(.text)
    USB_HP_CAN1_TX_IRQHandler                0x0801c9af   Thumb Code     0  startup_stm32f10x_hd.o(.text)
    USB_LP_CAN1_RX0_IRQHandler               0x0801c9af   Thumb Code     0  startup_stm32f10x_hd.o(.text)
    WWDG_IRQHandler                          0x0801c9af   Thumb Code     0  startup_stm32f10x_hd.o(.text)
    SystemInit                               0x0801ca97   Thumb Code    78  system_stm32f10x.o(.text)
    SystemCoreClockUpdate                    0x0801cae5   Thumb Code   142  system_stm32f10x.o(.text)
    fgetc                                    0x0801cb99   Thumb Code    24  fgetc_u.o(.text)
    ungetc                                   0x0801cbb1   Thumb Code    26  fgetc_u.o(.text)
    __aeabi_uldivmod                         0x0801cbd1   Thumb Code    98  uldiv.o(.text)
    __rt_ctype_table                         0x0801cc35   Thumb Code     4  ctype_o.o(.text)
    toupper                                  0x0801cc3d   Thumb Code    12  toupper.o(.text)
    tolower                                  0x0801cc49   Thumb Code    12  tolower.o(.text)
    rand                                     0x0801cc55   Thumb Code    20  rand.o(.text)
    srand                                    0x0801cc69   Thumb Code     6  rand.o(.text)
    localeconv                               0x0801cc79   Thumb Code     4  localeconv.o(.text)
    mktime                                   0x0801cc81   Thumb Code   150  mktime.o(.text)
    strftime                                 0x0801cd69   Thumb Code   580  strftime.o(.text)
    ___aeabi_memcpy8$move                    0x0801d0bd   Thumb Code     0  memmovea.o(.text)
    __aeabi_memcpy                           0x0801d0bd   Thumb Code    64  memmovea.o(.text)
    __aeabi_memcpy4                          0x0801d0bd   Thumb Code     0  memmovea.o(.text)
    __aeabi_memmove                          0x0801d0bd   Thumb Code     0  memmovea.o(.text)
    __aeabi_memmove4                         0x0801d0bd   Thumb Code     0  memmovea.o(.text)
    __aeabi_memmove8                         0x0801d0bd   Thumb Code     0  memmovea.o(.text)
    strstr                                   0x0801d0fd   Thumb Code    36  strstr.o(.text)
    strncpy                                  0x0801d121   Thumb Code    24  strncpy.o(.text)
    strchr                                   0x0801d139   Thumb Code    20  strchr.o(.text)
    strlen                                   0x0801d14d   Thumb Code    14  strlen.o(.text)
    strcmp                                   0x0801d15b   Thumb Code    28  strcmp.o(.text)
    memchr                                   0x0801d177   Thumb Code    20  memchr.o(.text)
    memcmp                                   0x0801d18b   Thumb Code    26  memcmp.o(.text)
    strcoll                                  0x0801d1a5   Thumb Code     4  strcoll.o(.text)
    strcpy                                   0x0801d1a9   Thumb Code    18  strcpy.o(.text)
    strncmp                                  0x0801d1bb   Thumb Code    30  strncmp.o(.text)
    strrchr                                  0x0801d1d9   Thumb Code    32  strrchr.o(.text)
    strspn                                   0x0801d1f9   Thumb Code    28  strspn.o(.text)
    strpbrk                                  0x0801d215   Thumb Code    32  strpbrk.o(.text)
    strerror                                 0x0801d235   Thumb Code    40  strerror.o(.text)
    atol                                     0x0801d319   Thumb Code    26  atol.o(.text)
    __cpp_initialize__aeabi_                 0x0801d335   Thumb Code    22  cpp_init.o(.text)
    __aeabi_atexit                           0x0801d355   Thumb Code    46  aeabi_atexit.o(.text)
    __aeabi_fadd                             0x0801d383   Thumb Code   164  fadd.o(.text)
    __aeabi_fsub                             0x0801d427   Thumb Code     6  fadd.o(.text)
    __aeabi_frsub                            0x0801d42d   Thumb Code     6  fadd.o(.text)
    __aeabi_fmul                             0x0801d433   Thumb Code   100  fmul.o(.text)
    __aeabi_fdiv                             0x0801d497   Thumb Code   124  fdiv.o(.text)
    __aeabi_dadd                             0x0801d513   Thumb Code   322  dadd.o(.text)
    __aeabi_dsub                             0x0801d655   Thumb Code     6  dadd.o(.text)
    __aeabi_drsub                            0x0801d65b   Thumb Code     6  dadd.o(.text)
    __aeabi_dmul                             0x0801d661   Thumb Code   228  dmul.o(.text)
    __aeabi_ddiv                             0x0801d745   Thumb Code   222  ddiv.o(.text)
    __aeabi_i2f                              0x0801d823   Thumb Code    18  fflti.o(.text)
    __aeabi_ui2f                             0x0801d835   Thumb Code    10  ffltui.o(.text)
    __aeabi_i2d                              0x0801d83f   Thumb Code    34  dflti.o(.text)
    __aeabi_l2d                              0x0801d861   Thumb Code    40  dfltl.o(.text)
    __aeabi_f2iz                             0x0801d889   Thumb Code    50  ffixi.o(.text)
    __aeabi_f2uiz                            0x0801d8bb   Thumb Code    40  ffixui.o(.text)
    __aeabi_d2iz                             0x0801d8e3   Thumb Code    62  dfixi.o(.text)
    __aeabi_d2lz                             0x0801d921   Thumb Code    74  dfixl.o(.text)
    __aeabi_f2d                              0x0801d96b   Thumb Code    38  f2d.o(.text)
    __aeabi_cdcmpeq                          0x0801d991   Thumb Code     0  cdcmple.o(.text)
    __aeabi_cdcmple                          0x0801d991   Thumb Code    48  cdcmple.o(.text)
    __aeabi_cdrcmple                         0x0801d9c1   Thumb Code    48  cdrcmple.o(.text)
    __aeabi_d2f                              0x0801d9f1   Thumb Code    56  d2f.o(.text)
    __aeabi_cfcmpeq                          0x0801da29   Thumb Code     0  cfcmple.o(.text)
    __aeabi_cfcmple                          0x0801da29   Thumb Code    20  cfcmple.o(.text)
    __aeabi_cfrcmple                         0x0801da3d   Thumb Code    20  cfrcmple.o(.text)
    setjmp                                   0x0801da51   Thumb Code    26  setjmp.o(.text)
    longjmp                                  0x0801da6b   Thumb Code    36  setjmp.o(.text)
    __aeabi_uidiv                            0x0801da8f   Thumb Code     0  uidiv.o(.text)
    __aeabi_uidivmod                         0x0801da8f   Thumb Code    44  uidiv.o(.text)
    __semihosting_library_function           0x0801da8f   Thumb Code     0  semi.o(.text)
    __aeabi_llsl                             0x0801dabb   Thumb Code    30  llshl.o(.text)
    _ll_shift_l                              0x0801dabb   Thumb Code     0  llshl.o(.text)
    __aeabi_llsr                             0x0801dad9   Thumb Code    32  llushr.o(.text)
    _ll_ushift_r                             0x0801dad9   Thumb Code     0  llushr.o(.text)
    __aeabi_lasr                             0x0801daf9   Thumb Code    36  llsshr.o(.text)
    _ll_sshift_r                             0x0801daf9   Thumb Code     0  llsshr.o(.text)
    localtime                                0x0801db1d   Thumb Code     6  localtime_w.o(.text)
    _localtime                               0x0801db29   Thumb Code   134  localtime_i.o(.text)
    __strtod_int                             0x0801dbeb   Thumb Code    90  strtod.o(.text)
    __strtof_int                             0x0801dc51   Thumb Code    26  strtof.o(.text)
    strtol                                   0x0801dc6b   Thumb Code   112  strtol.o(.text)
    __I$use$fp                               0x0801dcdb   Thumb Code     0  iusefp.o(.text)
    __I$use$semihosting$fgetc                0x0801dcdb   Thumb Code     0  iusesemig.o(.text)
    __rt_ddtor_pointer_addr                  0x0801dcdd   Thumb Code     4  cpp_dtor.o(.text)
    __rt_SIGPVFN                             0x0801dce5   Thumb Code     2  cpp_signal.o(.text)
    __cxa_finalize                           0x0801dce7   Thumb Code    66  cxa_finalize.o(.text)
    _float_round                             0x0801dd29   Thumb Code    18  fepilogue.o(.text)
    _float_epilogue                          0x0801dd3b   Thumb Code    92  fepilogue.o(.text)
    __ARM_scalbnf                            0x0801dd97   Thumb Code    24  fscalb.o(.text)
    scalbnf                                  0x0801dd97   Thumb Code     0  fscalb.o(.text)
    _fsqrt                                   0x0801ddaf   Thumb Code    94  fsqrt.o(.text)
    _frnd                                    0x0801de0d   Thumb Code    60  frnd.o(.text)
    _frem                                    0x0801de49   Thumb Code    82  frem.o(.text)
    _double_round                            0x0801de9b   Thumb Code    30  depilogue.o(.text)
    _double_epilogue                         0x0801deb9   Thumb Code   156  depilogue.o(.text)
    __aeabi_ui2d                             0x0801df55   Thumb Code    26  dfltui.o(.text)
    __aeabi_d2ulz                            0x0801df6f   Thumb Code    48  dfixul.o(.text)
    _ffix_r                                  0x0801df9f   Thumb Code    76  ffixir.o(.text)
    __fp_status                              0x0801dfeb   Thumb Code     4  fpstat.o(.text)
    __ieee_status                            0x0801dfeb   Thumb Code     0  fpstat.o(.text)
    __default_new_handler()                  0x0801dfef   Thumb Code     4  arm_newhandler_noexceptions.o(.text)
    std::terminate()                         0x0801dff3   Thumb Code    26  arm_exceptions_terminate.o(.text)
    __cxa_get_globals                        0x0801e013   Thumb Code    62  arm_exceptions_globs.o(.text)
    __scatterload                            0x0801e05d   Thumb Code    28  init.o(.text)
    __scatterload_rt2                        0x0801e05d   Thumb Code     0  init.o(.text)
    _scanf_real                              0x0801e1a9   Thumb Code     0  scanf_fp.o(.text)
    _scanf_really_real                       0x0801e1a9   Thumb Code   556  scanf_fp.o(.text)
    _sgetc                                   0x0801e3e1   Thumb Code    30  _sgetc.o(.text)
    _sbackspace                              0x0801e3ff   Thumb Code    34  _sgetc.o(.text)
    _strtoul                                 0x0801e421   Thumb Code   158  _strtoul.o(.text)
    __I$use$semihosting$fputc                0x0801e4bf   Thumb Code     0  iusesemip.o(.text)
    __rt_lib_shutdown_cpp_2                  0x0801e4bf   Thumb Code     2  cpp_final.o(.text)
    __rt_new_handler_addr                    0x0801e4c1   Thumb Code     4  cpp_memory.o(.text)
    __rt_eh_globals_addr                     0x0801e4c5   Thumb Code    12  cpp_memory.o(.text)
    __ARM_exceptions_buffer_init             0x0801e4d5   Thumb Code    18  arm_exceptions_mem.o(.text)
    __ARM_exceptions_buffer_allocate         0x0801e4e7   Thumb Code    22  arm_exceptions_mem.o(.text)
    __ARM_exceptions_buffer_free             0x0801e4fd   Thumb Code    20  arm_exceptions_mem.o(.text)
    _chval                                   0x0801e511   Thumb Code    28  _chval.o(.text)
    __aeabi_ul2d                             0x0801e52d   Thumb Code    24  dfltul.o(.text)
    __ARM_scalbn                             0x0801e545   Thumb Code    46  dscalb.o(.text)
    scalbn                                   0x0801e545   Thumb Code     0  dscalb.o(.text)
    String::init()                           0x0801e573   Thumb Code    10  wstring.o(i._ZN6String4initEv)
    String::operator +=(char)                0x0801e57d   Thumb Code    18  stream.o(i._ZN6StringpLEc)
    String::operator ==(const char*) const   0x0801e58f   Thumb Code    16  lua_call.o(i._ZNK6StringeqEPKc)
    std::strstr(char*, const char*)          0x0801e59f   Thumb Code    16  wstring.o(i._ZSt6strstrPcPKc)
    operator delete[] (void*)                0x0801e5af   Thumb Code     8  array_del.o(i._ZdaPv)
    operator delete (void*)                  0x0801e5b7   Thumb Code     8  delete.o(i._ZdlPv)
    operator new[] (unsigned)                0x0801e5bf   Thumb Code     8  array_new.o(i._Znaj)
    operator new(unsigned)                   0x0801e5c9   Thumb Code    34  new.o(i._Znwj)
    __0fprintf                               0x0801e5f1   Thumb Code    22  printfa.o(i.__0fprintf)
    __1fprintf                               0x0801e5f1   Thumb Code     0  printfa.o(i.__0fprintf)
    __2fprintf                               0x0801e5f1   Thumb Code     0  printfa.o(i.__0fprintf)
    __c89fprintf                             0x0801e5f1   Thumb Code     0  printfa.o(i.__0fprintf)
    fprintf                                  0x0801e5f1   Thumb Code     0  printfa.o(i.__0fprintf)
    __0snprintf                              0x0801e60d   Thumb Code    44  printfa.o(i.__0snprintf)
    __1snprintf                              0x0801e60d   Thumb Code     0  printfa.o(i.__0snprintf)
    __2snprintf                              0x0801e60d   Thumb Code     0  printfa.o(i.__0snprintf)
    __c89snprintf                            0x0801e60d   Thumb Code     0  printfa.o(i.__0snprintf)
    snprintf                                 0x0801e60d   Thumb Code     0  printfa.o(i.__0snprintf)
    __0sprintf                               0x0801e63d   Thumb Code    34  printfa.o(i.__0sprintf)
    __1sprintf                               0x0801e63d   Thumb Code     0  printfa.o(i.__0sprintf)
    __2sprintf                               0x0801e63d   Thumb Code     0  printfa.o(i.__0sprintf)
    __c89sprintf                             0x0801e63d   Thumb Code     0  printfa.o(i.__0sprintf)
    sprintf                                  0x0801e63d   Thumb Code     0  printfa.o(i.__0sprintf)
    __0vsprintf                              0x0801e665   Thumb Code    30  printfa.o(i.__0vsprintf)
    __1vsprintf                              0x0801e665   Thumb Code     0  printfa.o(i.__0vsprintf)
    __2vsprintf                              0x0801e665   Thumb Code     0  printfa.o(i.__0vsprintf)
    __c89vsprintf                            0x0801e665   Thumb Code     0  printfa.o(i.__0vsprintf)
    vsprintf                                 0x0801e665   Thumb Code     0  printfa.o(i.__0vsprintf)
    __ARM_fpclassifyf                        0x0801e689   Thumb Code    38  fpclassifyf.o(i.__ARM_fpclassifyf)
    __aeabi_errno_addr                       0x0801e6b1   Thumb Code     4  errno.o(i.__aeabi_errno_addr)
    __rt_errno_addr                          0x0801e6b1   Thumb Code     0  errno.o(i.__aeabi_errno_addr)
    __cxa_pure_virtual                       0x0801e6b9   Thumb Code     6  pure_virt.o(i.__cxa_pure_virtual)
    free                                     0x0801e6c1   Thumb Code    88  mallocr.o(i.__free$realloc)
    malloc                                   0x0801e71d   Thumb Code    64  mallocr.o(i.__malloc$realloc)
    __mathlib_flt_divzero                    0x0801e76d   Thumb Code    10  funder.o(i.__mathlib_flt_divzero)
    __mathlib_flt_infnan                     0x0801e777   Thumb Code     6  funder.o(i.__mathlib_flt_infnan)
    __mathlib_flt_infnan2                    0x0801e77d   Thumb Code     4  funder.o(i.__mathlib_flt_infnan2)
    __mathlib_flt_invalid                    0x0801e781   Thumb Code     8  funder.o(i.__mathlib_flt_invalid)
    __mathlib_flt_overflow                   0x0801e789   Thumb Code    10  funder.o(i.__mathlib_flt_overflow)
    __mathlib_flt_underflow                  0x0801e793   Thumb Code    10  funder.o(i.__mathlib_flt_underflow)
    __mathlib_narrow                         0x0801e79d   Thumb Code    16  narrow.o(i.__mathlib_narrow)
    __mathlib_rredf2                         0x0801e7ad   Thumb Code   344  rredf.o(i.__mathlib_rredf2)
    __mathlib_tofloat                        0x0801e915   Thumb Code   184  narrow.o(i.__mathlib_tofloat)
    __read_errno                             0x0801e9d1   Thumb Code     6  errno.o(i.__read_errno)
    __scatterload_copy                       0x0801e9dd   Thumb Code    14  handlers.o(i.__scatterload_copy)
    __scatterload_null                       0x0801e9eb   Thumb Code     2  handlers.o(i.__scatterload_null)
    __scatterload_zeroinit                   0x0801e9ed   Thumb Code    14  handlers.o(i.__scatterload_zeroinit)
    __set_errno                              0x0801e9fd   Thumb Code     6  errno.o(i.__set_errno)
    _is_digit                                0x0801eb8d   Thumb Code    14  scanf_fp.o(i._is_digit)
    acosf                                    0x0801f2ed   Thumb Code   242  acosf.o(i.acosf)
    asinf                                    0x0801f409   Thumb Code   254  asinf.o(i.asinf)
    atan2f                                   0x0801f52d   Thumb Code   528  atan2f.o(i.atan2f)
    atof                                     0x0801f789   Thumb Code    42  atof.o(i.atof)
    __mathlib_ceilf                          0x0801f7b5   Thumb Code     0  ceilf.o(i.ceilf)
    ceilf                                    0x0801f7b5   Thumb Code   110  ceilf.o(i.ceilf)
    cosf                                     0x0801f82d   Thumb Code   328  cosf.o(i.cosf)
    difftime                                 0x0801f9a9   Thumb Code    32  difftime.o(i.difftime)
    __mathlib_expf                           0x0801f9c9   Thumb Code     0  expf.o(i.expf)
    expf                                     0x0801f9c9   Thumb Code   322  expf.o(i.expf)
    fgets                                    0x0801fb39   Thumb Code    60  fgets.o(i.fgets)
    floorf                                   0x0801fb75   Thumb Code   112  floorf.o(i.floorf)
    fmodf                                    0x0801fbf1   Thumb Code   108  fmodf.o(i.fmodf)
    fputc                                    0x0801fc5d   Thumb Code    18  fputc.o(i.fputc)
    fread                                    0x0801fc6f   Thumb Code    52  fread.o(i.fread)
    frexp                                    0x0801fca5   Thumb Code    80  frexp.o(i.frexp)
    frexpf                                   0x0801fcfd   Thumb Code    70  frexpf.o(i.frexpf)
    fwrite                                   0x0801fd43   Thumb Code    36  fwrite.o(i.fwrite)
    getc                                     0x0801fd67   Thumb Code     4  getc.o(i.getc)
    isspace                                  0x0801fdbd   Thumb Code    18  wstring.o(i.isspace)
    log10f                                   0x0801fdd1   Thumb Code   384  log10f.o(i.log10f)
    log2f                                    0x0801ff85   Thumb Code   362  log2f.o(i.log2f)
    __mathlib_logf                           0x0802011d   Thumb Code     0  logf.o(i.logf)
    logf                                     0x0802011d   Thumb Code   362  logf.o(i.logf)
    __mathlib_powf                           0x080202ad   Thumb Code     0  powf.o(i.powf)
    powf                                     0x080202ad   Thumb Code  1548  powf.o(i.powf)
    realloc                                  0x080208cd   Thumb Code   102  mallocr.o(i.realloc)
    sinf                                     0x08020939   Thumb Code   338  sinf.o(i.sinf)
    sqrtf                                    0x08020ac1   Thumb Code    44  sqrtf.o(i.sqrtf)
    strtof                                   0x08020aed   Thumb Code    20  strtof.o(i.strtof)
    tanf                                     0x08020b01   Thumb Code   314  tanf.o(i.tanf)
    lua_ident                                0x08020c74   Data         129  lapi.o(.constdata)
    luai_ctype_                              0x08020e48   Data         257  lctype.o(.constdata)
    luaO_nilobject_                          0x08021308   Data           8  lobject.o(.constdata)
    luaP_opnames                             0x08021410   Data         192  lopcodes.o(.constdata)
    luaP_opmodes                             0x080214d0   Data          47  lopcodes.o(.constdata)
    luaT_typenames_                          0x080216cc   Data          44  ltm.o(.constdata)
    PIN_MAP                                  0x080217a0   Data        1792  gpio.o(.constdata)
    __ctype_table                            0x080220d0   Data         129  ctype_o.o(.constdata)
    __internal_lconv                         0x080221dc   Data          56  ilconv.o(.constdata)
    vtable for HardwareSerial                0x08022220   Data          36  hardwareserial.o(.constdata__ZTV14HardwareSerial)
    vtable for Print                         0x08022244   Data          20  print.o(.constdata__ZTV5Print)
    vtable for Stream                        0x08022258   Data          36  hardwareserial.o(.constdata__ZTV6Stream)
    vtable for TwoWire                       0x0802227c   Data          16  wire.o(.constdata__ZTV7TwoWire)
    vtable for WireBase                      0x0802228c   Data          16  wirebase.o(.constdata__ZTV8WireBase)
    Region$$Table$$Base                      0x08022c84   Number         0  anon$$obj.o(Region$$Table)
    Region$$Table$$Limit                     0x08022ca4   Number         0  anon$$obj.o(Region$$Table)
    SHT$$INIT_ARRAY$$Base                    0x08022ca4   Number         0  hardwareserial.o(.init_array)
    SHT$$INIT_ARRAY$$Limit                   0x08022cb0   Number         0  cpp_init.o(.init_array)
    EXIT_func                                0x20000008   Data          64  exti.o(.data)
    _rx_buffer_head                          0x20000048   Data           6  usart.o(.data)
    _rx_buffer_tail                          0x2000004e   Data           6  usart.o(.data)
    USART_func                               0x20000054   Data          12  usart.o(.data)
    TIM_func                                 0x20000060   Data          32  time_exti.o(.data)
    LuaRunning                               0x20000080   Data           1  main.o(.data)
    SystemCoreClock                          0x20000098   Data           4  system_stm32f10x.o(.data)
    AHBPrescTable                            0x2000009c   Data          16  system_stm32f10x.o(.data)
    __stdin                                  0x200000b0   Data           4  stdin.o(.data)
    __stdout                                 0x200000b4   Data           4  stdout.o(.data)
    __stderr                                 0x200000b8   Data           4  stderr.o(.data)
    __microlib_freelist                      0x200000c4   Data           4  mvars.o(.data)
    __microlib_freelist_initialised          0x200000c8   Data           4  mvars.o(.data)
    Serial                                   0x200000dc   Data          24  hardwareserial.o(.bss)
    Serial2                                  0x200000f4   Data          24  hardwareserial.o(.bss)
    Serial3                                  0x2000010c   Data          24  hardwareserial.o(.bss)
    Wire                                     0x20000124   Data          88  wire.o(.bss)
    SPI                                      0x2000017c   Data          24  spi.o(.bss)
    SPI_2                                    0x20000194   Data          24  spi.o(.bss)
    ADC_ConvertedValue                       0x200001ac   Data          16  adc.o(.bss)
    _rx_buffer                               0x200001bc   Data         384  usart.o(.bss)
    __heap_base                              0x20000368   Data           0  startup_stm32f10x_hd.o(HEAP)
    __heap_limit                             0x20008368   Data           0  startup_stm32f10x_hd.o(HEAP)
    __initial_sp                             0x20009368   Data           0  startup_stm32f10x_hd.o(STACK)



==============================================================================

Memory Map of the image

  Image Entry point : 0x08000131

  Load Region LR_IROM1 (Base: 0x08000000, Size: 0x00022d8c, Max: 0x00080000, ABSOLUTE)

    Execution Region ER_IROM1 (Exec base: 0x08000000, Load base: 0x08000000, Size: 0x00022cb0, Max: 0x00080000, ABSOLUTE)

    Exec Addr    Load Addr    Size         Type   Attr      Idx    E Section Name        Object

    0x08000000   0x08000000   0x00000130   Data   RO         2106    RESET               startup_stm32f10x_hd.o
    0x08000130   0x08000130   0x00000000   Code   RO         2395  * .ARM.Collect$$$$00000000  mc_w.l(entry.o)
    0x08000130   0x08000130   0x00000004   Code   RO         2945    .ARM.Collect$$$$00000001  mc_w.l(entry2.o)
    0x08000134   0x08000134   0x00000004   Code   RO         2948    .ARM.Collect$$$$00000004  mc_w.l(entry5.o)
    0x08000138   0x08000138   0x00000000   Code   RO         2950    .ARM.Collect$$$$00000008  mc_w.l(entry7b.o)
    0x08000138   0x08000138   0x00000004   Code   RO         2951    .ARM.Collect$$$$00000009  mc_w.l(entry8a.o)
    0x0800013c   0x0800013c   0x00000000   Code   RO         2952    .ARM.Collect$$$$0000000A  mc_w.l(entry8b.o)
    0x0800013c   0x0800013c   0x00000008   Code   RO         2953    .ARM.Collect$$$$0000000B  mc_w.l(entry9a.o)
    0x08000144   0x08000144   0x00000000   Code   RO         2955    .ARM.Collect$$$$0000000D  mc_w.l(entry10a.o)
    0x08000144   0x08000144   0x00000004   Code   RO         2956    .ARM.Collect$$$$0000000E  mc_w.l(entry10b.o)
    0x08000148   0x08000148   0x00000000   Code   RO         2957    .ARM.Collect$$$$0000000F  mc_w.l(entry11a.o)
    0x08000148   0x08000148   0x00000004   Code   RO         2946    .ARM.Collect$$$$00002712  mc_w.l(entry2.o)
    0x0800014c   0x0800014c   0x00000018   Code   RO         1738    .emb_text           main.o
    0x08000164   0x08000164   0x00000320   Code   RO            4    .text               arduino.o
    0x08000484   0x08000484   0x00000040   Code   RO          104    .text               dtostrf.o
    0x080004c4   0x080004c4   0x00000122   Code   RO          123    .text               itoa.o
    0x080005e6   0x080005e6   0x00000002   PAD
    0x080005e8   0x080005e8   0x000005cc   Code   RO          141    .text               print.o
    0x08000bb4   0x08000bb4   0x00000184   Code   RO          213    .text               hardwareserial.o
    0x08000d38   0x08000d38   0x0000048c   Code   RO          365    .text               stream.o
    0x080011c4   0x080011c4   0x00000cba   Code   RO          465    .text               wstring.o
    0x08001e7e   0x08001e7e   0x00000002   PAD
    0x08001e80   0x08001e80   0x000002ac   Code   RO          529    .text               wire.o
    0x0800212c   0x0800212c   0x000003d0   Code   RO          604    .text               spi.o
    0x080024fc   0x080024fc   0x00001726   Code   RO          632    .text               lapi.o
    0x08003c22   0x08003c22   0x00000002   PAD
    0x08003c24   0x08003c24   0x000014fc   Code   RO          712    .text               lauxlib.o
    0x08005120   0x08005120   0x00000a8c   Code   RO          747    .text               lbaselib.o
    0x08005bac   0x08005bac   0x000012e4   Code   RO          798    .text               lcode.o
    0x08006e90   0x08006e90   0x00000344   Code   RO          853    .text               lcorolib.o
    0x080071d4   0x080071d4   0x00000a98   Code   RO          894    .text               ldblib.o
    0x08007c6c   0x08007c6c   0x00000d04   Code   RO          909    .text               ldebug.o
    0x08008970   0x08008970   0x00000d88   Code   RO          957    .text               ldo.o
    0x080096f8   0x080096f8   0x000003b8   Code   RO         1006    .text               ldump.o
    0x08009ab0   0x08009ab0   0x0000024c   Code   RO         1035    .text               lfunc.o
    0x08009cfc   0x08009cfc   0x000011fc   Code   RO         1047    .text               lgc.o
    0x0800aef8   0x0800aef8   0x0000002c   Code   RO         1082    .text               linit.o
    0x0800af24   0x0800af24   0x00000dec   Code   RO         1097    .text               liolib.o
    0x0800bd10   0x0800bd10   0x0000114c   Code   RO         1121    .text               llex.o
    0x0800ce5c   0x0800ce5c   0x00000728   Code   RO         1166    .text               lmathlib.o
    0x0800d584   0x0800d584   0x00000124   Code   RO         1188    .text               lmem.o
    0x0800d6a8   0x0800d6a8   0x00000b20   Code   RO         1203    .text               loadlib.o
    0x0800e1c8   0x0800e1c8   0x000008b8   Code   RO         1218    .text               lobject.o
    0x0800ea80   0x0800ea80   0x00000728   Code   RO         1272    .text               loslib.o
    0x0800f1a8   0x0800f1a8   0x00002182   Code   RO         1315    .text               lparser.o
    0x0801132a   0x0801132a   0x00000002   PAD
    0x0801132c   0x0801132c   0x00000410   Code   RO         1339    .text               lstate.o
    0x0801173c   0x0801173c   0x000003f0   Code   RO         1357    .text               lstring.o
    0x08011b2c   0x08011b2c   0x0000228c   Code   RO         1369    .text               lstrlib.o
    0x08013db8   0x08013db8   0x00000a90   Code   RO         1390    .text               ltable.o
    0x08014848   0x08014848   0x000008ac   Code   RO         1404    .text               ltablib.o
    0x080150f4   0x080150f4   0x000002b0   Code   RO         1419    .text               ltm.o
    0x080153a4   0x080153a4   0x000006c4   Code   RO         1438    .text               lundump.o
    0x08015a68   0x08015a68   0x00000524   Code   RO         1450    .text               lutf8lib.o
    0x08015f8c   0x08015f8c   0x00002ca6   Code   RO         1468    .text               lvm.o
    0x08018c32   0x08018c32   0x0000009e   Code   RO         1507    .text               lzio.o
    0x08018cd0   0x08018cd0   0x00000094   Code   RO         1522    .text               delay.o
    0x08018d64   0x08018d64   0x00000250   Code   RO         1557    .text               exti.o
    0x08018fb4   0x08018fb4   0x00000150   Code   RO         1587    .text               gpio.o
    0x08019104   0x08019104   0x000002c0   Code   RO         1623    .text               adc.o
    0x080193c4   0x080193c4   0x0000020c   Code   RO         1653    .text               pwm.o
    0x080195d0   0x080195d0   0x0000025c   Code   RO         1677    .text               usart.o
    0x0801982c   0x0801982c   0x00000300   Code   RO         1708    .text               time_exti.o
    0x08019b2c   0x08019b2c   0x000002ac   Code   RO         1739    .text               main.o
    0x08019dd8   0x08019dd8   0x000006f0   Code   RO         1839    .text               lua_call.o
    0x0801a4c8   0x0801a4c8   0x000000dc   Code   RO         1889    .text               misc.o
    0x0801a5a4   0x0801a5a4   0x0000044e   Code   RO         1913    .text               stm32f10x_adc.o
    0x0801a9f2   0x0801a9f2   0x00000002   PAD
    0x0801a9f4   0x0801a9f4   0x00000254   Code   RO         1937    .text               stm32f10x_dma.o
    0x0801ac48   0x0801ac48   0x0000011c   Code   RO         1961    .text               stm32f10x_exti.o
    0x0801ad64   0x0801ad64   0x0000035c   Code   RO         1985    .text               stm32f10x_gpio.o
    0x0801b0c0   0x0801b0c0   0x000003a4   Code   RO         2009    .text               stm32f10x_rcc.o
    0x0801b464   0x0801b464   0x0000030c   Code   RO         2035    .text               stm32f10x_spi.o
    0x0801b770   0x0801b770   0x00000e1a   Code   RO         2059    .text               stm32f10x_tim.o
    0x0801c58a   0x0801c58a   0x00000002   PAD
    0x0801c58c   0x0801c58c   0x00000408   Code   RO         2083    .text               stm32f10x_usart.o
    0x0801c994   0x0801c994   0x00000024   Code   RO         2107    .text               startup_stm32f10x_hd.o
    0x0801c9b8   0x0801c9b8   0x000001e0   Code   RO         2114    .text               system_stm32f10x.o
    0x0801cb98   0x0801cb98   0x00000038   Code   RO         2398    .text               mc_w.l(fgetc_u.o)
    0x0801cbd0   0x0801cbd0   0x00000062   Code   RO         2445    .text               mc_w.l(uldiv.o)
    0x0801cc32   0x0801cc32   0x00000002   PAD
    0x0801cc34   0x0801cc34   0x00000008   Code   RO         2447    .text               mc_w.l(ctype_o.o)
    0x0801cc3c   0x0801cc3c   0x0000000c   Code   RO         2475    .text               mc_w.l(toupper.o)
    0x0801cc48   0x0801cc48   0x0000000c   Code   RO         2477    .text               mc_w.l(tolower.o)
    0x0801cc54   0x0801cc54   0x00000024   Code   RO         2479    .text               mc_w.l(rand.o)
    0x0801cc78   0x0801cc78   0x00000008   Code   RO         2488    .text               mc_w.l(localeconv.o)
    0x0801cc80   0x0801cc80   0x000000a8   Code   RO         2494    .text               mc_w.l(mktime.o)
    0x0801cd28   0x0801cd28   0x00000394   Code   RO         2497    .text               mc_w.l(strftime.o)
    0x0801d0bc   0x0801d0bc   0x00000040   Code   RO         2509    .text               mc_w.l(memmovea.o)
    0x0801d0fc   0x0801d0fc   0x00000024   Code   RO         2511    .text               mc_w.l(strstr.o)
    0x0801d120   0x0801d120   0x00000018   Code   RO         2513    .text               mc_w.l(strncpy.o)
    0x0801d138   0x0801d138   0x00000014   Code   RO         2515    .text               mc_w.l(strchr.o)
    0x0801d14c   0x0801d14c   0x0000000e   Code   RO         2517    .text               mc_w.l(strlen.o)
    0x0801d15a   0x0801d15a   0x0000001c   Code   RO         2519    .text               mc_w.l(strcmp.o)
    0x0801d176   0x0801d176   0x00000014   Code   RO         2521    .text               mc_w.l(memchr.o)
    0x0801d18a   0x0801d18a   0x0000001a   Code   RO         2523    .text               mc_w.l(memcmp.o)
    0x0801d1a4   0x0801d1a4   0x00000004   Code   RO         2525    .text               mc_w.l(strcoll.o)
    0x0801d1a8   0x0801d1a8   0x00000012   Code   RO         2527    .text               mc_w.l(strcpy.o)
    0x0801d1ba   0x0801d1ba   0x0000001e   Code   RO         2529    .text               mc_w.l(strncmp.o)
    0x0801d1d8   0x0801d1d8   0x00000020   Code   RO         2531    .text               mc_w.l(strrchr.o)
    0x0801d1f8   0x0801d1f8   0x0000001c   Code   RO         2533    .text               mc_w.l(strspn.o)
    0x0801d214   0x0801d214   0x00000020   Code   RO         2535    .text               mc_w.l(strpbrk.o)
    0x0801d234   0x0801d234   0x000000e4   Code   RO         2537    .text               mc_w.l(strerror.o)
    0x0801d318   0x0801d318   0x0000001a   Code   RO         2839    .text               mc_w.l(atol.o)
    0x0801d332   0x0801d332   0x00000002   PAD
    0x0801d334   0x0801d334   0x00000020   Code   RO         2844    .text               mc_w.l(cpp_init.o)
    0x0801d354   0x0801d354   0x0000002e   Code   RO         2846    .text               mc_w.l(aeabi_atexit.o)
    0x0801d382   0x0801d382   0x000000b0   Code   RO         2848    .text               mf_w.l(fadd.o)
    0x0801d432   0x0801d432   0x00000064   Code   RO         2850    .text               mf_w.l(fmul.o)
    0x0801d496   0x0801d496   0x0000007c   Code   RO         2852    .text               mf_w.l(fdiv.o)
    0x0801d512   0x0801d512   0x0000014e   Code   RO         2854    .text               mf_w.l(dadd.o)
    0x0801d660   0x0801d660   0x000000e4   Code   RO         2856    .text               mf_w.l(dmul.o)
    0x0801d744   0x0801d744   0x000000de   Code   RO         2858    .text               mf_w.l(ddiv.o)
    0x0801d822   0x0801d822   0x00000012   Code   RO         2860    .text               mf_w.l(fflti.o)
    0x0801d834   0x0801d834   0x0000000a   Code   RO         2862    .text               mf_w.l(ffltui.o)
    0x0801d83e   0x0801d83e   0x00000022   Code   RO         2864    .text               mf_w.l(dflti.o)
    0x0801d860   0x0801d860   0x00000028   Code   RO         2866    .text               mf_w.l(dfltl.o)
    0x0801d888   0x0801d888   0x00000032   Code   RO         2868    .text               mf_w.l(ffixi.o)
    0x0801d8ba   0x0801d8ba   0x00000028   Code   RO         2870    .text               mf_w.l(ffixui.o)
    0x0801d8e2   0x0801d8e2   0x0000003e   Code   RO         2872    .text               mf_w.l(dfixi.o)
    0x0801d920   0x0801d920   0x0000004a   Code   RO         2874    .text               mf_w.l(dfixl.o)
    0x0801d96a   0x0801d96a   0x00000026   Code   RO         2876    .text               mf_w.l(f2d.o)
    0x0801d990   0x0801d990   0x00000030   Code   RO         2878    .text               mf_w.l(cdcmple.o)
    0x0801d9c0   0x0801d9c0   0x00000030   Code   RO         2880    .text               mf_w.l(cdrcmple.o)
    0x0801d9f0   0x0801d9f0   0x00000038   Code   RO         2882    .text               mf_w.l(d2f.o)
    0x0801da28   0x0801da28   0x00000014   Code   RO         2884    .text               mf_w.l(cfcmple.o)
    0x0801da3c   0x0801da3c   0x00000014   Code   RO         2886    .text               mf_w.l(cfrcmple.o)
    0x0801da50   0x0801da50   0x0000003e   Code   RO         2888    .text               mf_w.l(setjmp.o)
    0x0801da8e   0x0801da8e   0x00000000   Code   RO         2966    .text               mc_w.l(semi.o)
    0x0801da8e   0x0801da8e   0x0000002c   Code   RO         2967    .text               mc_w.l(uidiv.o)
    0x0801daba   0x0801daba   0x0000001e   Code   RO         2969    .text               mc_w.l(llshl.o)
    0x0801dad8   0x0801dad8   0x00000020   Code   RO         2971    .text               mc_w.l(llushr.o)
    0x0801daf8   0x0801daf8   0x00000024   Code   RO         2973    .text               mc_w.l(llsshr.o)
    0x0801db1c   0x0801db1c   0x0000000c   Code   RO         2977    .text               mc_w.l(localtime_w.o)
    0x0801db28   0x0801db28   0x0000008c   Code   RO         2980    .text               mc_w.l(localtime_i.o)
    0x0801dbb4   0x0801dbb4   0x0000009c   Code   RO         2985    .text               mc_w.l(strtod.o)
    0x0801dc50   0x0801dc50   0x0000001a   Code   RO         2987    .text               mc_w.l(strtof.o)
    0x0801dc6a   0x0801dc6a   0x00000070   Code   RO         2989    .text               mc_w.l(strtol.o)
    0x0801dcda   0x0801dcda   0x00000000   Code   RO         2991    .text               mc_w.l(iusefp.o)
    0x0801dcda   0x0801dcda   0x00000000   Code   RO         2992    .text               mc_w.l(iusesemig.o)
    0x0801dcda   0x0801dcda   0x00000002   PAD
    0x0801dcdc   0x0801dcdc   0x00000008   Code   RO         2993    .text               mc_w.l(cpp_dtor.o)
    0x0801dce4   0x0801dce4   0x00000002   Code   RO         2996    .text               mc_w.l(cpp_signal.o)
    0x0801dce6   0x0801dce6   0x00000042   Code   RO         2998    .text               mc_w.l(cxa_finalize.o)
    0x0801dd28   0x0801dd28   0x0000006e   Code   RO         3000    .text               mf_w.l(fepilogue.o)
    0x0801dd96   0x0801dd96   0x00000018   Code   RO         3002    .text               mf_w.l(fscalb.o)
    0x0801ddae   0x0801ddae   0x0000005e   Code   RO         3004    .text               mf_w.l(fsqrt.o)
    0x0801de0c   0x0801de0c   0x0000003c   Code   RO         3006    .text               mf_w.l(frnd.o)
    0x0801de48   0x0801de48   0x00000052   Code   RO         3008    .text               mf_w.l(frem.o)
    0x0801de9a   0x0801de9a   0x000000ba   Code   RO         3010    .text               mf_w.l(depilogue.o)
    0x0801df54   0x0801df54   0x0000001a   Code   RO         3012    .text               mf_w.l(dfltui.o)
    0x0801df6e   0x0801df6e   0x00000030   Code   RO         3014    .text               mf_w.l(dfixul.o)
    0x0801df9e   0x0801df9e   0x0000004c   Code   RO         3016    .text               mf_w.l(ffixir.o)
    0x0801dfea   0x0801dfea   0x00000004   Code   RO         3018    .text               mf_w.l(fpstat.o)
    0x0801dfee   0x0801dfee   0x00000004   Code   RO         3023    .text               cpprt_w.l(arm_newhandler_noexceptions.o)
    0x0801dff2   0x0801dff2   0x0000001a   Code   RO         3039    .text               cpprt_w.l(arm_exceptions_terminate.o)
    0x0801e00c   0x0801e00c   0x00000050   Code   RO         3046    .text               cpprt_w.l(arm_exceptions_globs.o)
    0x0801e05c   0x0801e05c   0x00000024   Code   RO         3058    .text               mc_w.l(init.o)
    0x0801e080   0x0801e080   0x00000360   Code   RO         3060    .text               mc_w.l(scanf_fp.o)
    0x0801e3e0   0x0801e3e0   0x00000040   Code   RO         3064    .text               mc_w.l(_sgetc.o)
    0x0801e420   0x0801e420   0x0000009e   Code   RO         3066    .text               mc_w.l(_strtoul.o)
    0x0801e4be   0x0801e4be   0x00000000   Code   RO         3068    .text               mc_w.l(iusesemip.o)
    0x0801e4be   0x0801e4be   0x00000002   Code   RO         3069    .text               mc_w.l(cpp_final.o)
    0x0801e4c0   0x0801e4c0   0x00000014   Code   RO         3071    .text               mc_w.l(cpp_memory.o)
    0x0801e4d4   0x0801e4d4   0x0000003c   Code   RO         3077    .text               cpprt_w.l(arm_exceptions_mem.o)
    0x0801e510   0x0801e510   0x0000001c   Code   RO         3091    .text               mc_w.l(_chval.o)
    0x0801e52c   0x0801e52c   0x00000018   Code   RO         3093    .text               mf_w.l(dfltul.o)
    0x0801e544   0x0801e544   0x0000002e   Code   RO         3097    .text               mf_w.l(dscalb.o)
    0x0801e572   0x0801e572   0x0000000a   Code   RO          482    i._ZN6String4initEv  wstring.o
    0x0801e57c   0x0801e57c   0x00000012   Code   RO          384    i._ZN6StringpLEc    stream.o
    0x0801e58e   0x0801e58e   0x00000010   Code   RO         1859    i._ZNK6StringeqEPKc  lua_call.o
    0x0801e59e   0x0801e59e   0x00000010   Code   RO          488    i._ZSt6strstrPcPKc  wstring.o
    0x0801e5ae   0x0801e5ae   0x00000008   Code   RO         2141    i._ZdaPv            cpprt_w.l(array_del.o)
    0x0801e5b6   0x0801e5b6   0x00000008   Code   RO         2890    i._ZdlPv            cpprt_w.l(delete.o)
    0x0801e5be   0x0801e5be   0x00000008   Code   RO         2144    i._Znaj             cpprt_w.l(array_new.o)
    0x0801e5c6   0x0801e5c6   0x00000002   PAD
    0x0801e5c8   0x0801e5c8   0x00000028   Code   RO         2893    i._Znwj             cpprt_w.l(new.o)
    0x0801e5f0   0x0801e5f0   0x0000001c   Code   RO         2775    i.__0fprintf        mc_w.l(printfa.o)
    0x0801e60c   0x0801e60c   0x00000030   Code   RO         2777    i.__0snprintf       mc_w.l(printfa.o)
    0x0801e63c   0x0801e63c   0x00000028   Code   RO         2778    i.__0sprintf        mc_w.l(printfa.o)
    0x0801e664   0x0801e664   0x00000024   Code   RO         2782    i.__0vsprintf       mc_w.l(printfa.o)
    0x0801e688   0x0801e688   0x00000026   Code   RO         2926    i.__ARM_fpclassifyf  m_ws.l(fpclassifyf.o)
    0x0801e6ae   0x0801e6ae   0x00000002   PAD
    0x0801e6b0   0x0801e6b0   0x00000008   Code   RO         2832    i.__aeabi_errno_addr  mc_w.l(errno.o)
    0x0801e6b8   0x0801e6b8   0x00000006   Code   RO         2148    i.__cxa_pure_virtual  cpprt_w.l(pure_virt.o)
    0x0801e6be   0x0801e6be   0x00000002   PAD
    0x0801e6c0   0x0801e6c0   0x0000005c   Code   RO         2808    i.__free$realloc    mc_w.l(mallocr.o)
    0x0801e71c   0x0801e71c   0x00000050   Code   RO         2809    i.__malloc$realloc  mc_w.l(mallocr.o)
    0x0801e76c   0x0801e76c   0x0000000a   Code   RO         2928    i.__mathlib_flt_divzero  m_ws.l(funder.o)
    0x0801e776   0x0801e776   0x00000006   Code   RO         2929    i.__mathlib_flt_infnan  m_ws.l(funder.o)
    0x0801e77c   0x0801e77c   0x00000004   Code   RO         2930    i.__mathlib_flt_infnan2  m_ws.l(funder.o)
    0x0801e780   0x0801e780   0x00000008   Code   RO         2931    i.__mathlib_flt_invalid  m_ws.l(funder.o)
    0x0801e788   0x0801e788   0x0000000a   Code   RO         2932    i.__mathlib_flt_overflow  m_ws.l(funder.o)
    0x0801e792   0x0801e792   0x0000000a   Code   RO         2934    i.__mathlib_flt_underflow  m_ws.l(funder.o)
    0x0801e79c   0x0801e79c   0x00000010   Code   RO         3052    i.__mathlib_narrow  m_ws.l(narrow.o)
    0x0801e7ac   0x0801e7ac   0x00000168   Code   RO         2942    i.__mathlib_rredf2  m_ws.l(rredf.o)
    0x0801e914   0x0801e914   0x000000bc   Code   RO         3053    i.__mathlib_tofloat  m_ws.l(narrow.o)
    0x0801e9d0   0x0801e9d0   0x0000000c   Code   RO         2833    i.__read_errno      mc_w.l(errno.o)
    0x0801e9dc   0x0801e9dc   0x0000000e   Code   RO         3101    i.__scatterload_copy  mc_w.l(handlers.o)
    0x0801e9ea   0x0801e9ea   0x00000002   Code   RO         3102    i.__scatterload_null  mc_w.l(handlers.o)
    0x0801e9ec   0x0801e9ec   0x0000000e   Code   RO         3103    i.__scatterload_zeroinit  mc_w.l(handlers.o)
    0x0801e9fa   0x0801e9fa   0x00000002   PAD
    0x0801e9fc   0x0801e9fc   0x0000000c   Code   RO         2834    i.__set_errno       mc_w.l(errno.o)
    0x0801ea08   0x0801ea08   0x00000184   Code   RO         2783    i._fp_digits        mc_w.l(printfa.o)
    0x0801eb8c   0x0801eb8c   0x0000000e   Code   RO         3062    i._is_digit         mc_w.l(scanf_fp.o)
    0x0801eb9a   0x0801eb9a   0x00000002   PAD
    0x0801eb9c   0x0801eb9c   0x000006dc   Code   RO         2784    i._printf_core      mc_w.l(printfa.o)
    0x0801f278   0x0801f278   0x00000024   Code   RO         2785    i._printf_post_padding  mc_w.l(printfa.o)
    0x0801f29c   0x0801f29c   0x0000002e   Code   RO         2786    i._printf_pre_padding  mc_w.l(printfa.o)
    0x0801f2ca   0x0801f2ca   0x00000016   Code   RO         2787    i._snputc           mc_w.l(printfa.o)
    0x0801f2e0   0x0801f2e0   0x0000000a   Code   RO         2788    i._sputc            mc_w.l(printfa.o)
    0x0801f2ea   0x0801f2ea   0x00000002   PAD
    0x0801f2ec   0x0801f2ec   0x0000011c   Code   RO         2258    i.acosf             m_ws.l(acosf.o)
    0x0801f408   0x0801f408   0x00000124   Code   RO         2266    i.asinf             m_ws.l(asinf.o)
    0x0801f52c   0x0801f52c   0x0000025c   Code   RO         2274    i.atan2f            m_ws.l(atan2f.o)
    0x0801f788   0x0801f788   0x0000002a   Code   RO         2282    i.atof              m_ws.l(atof.o)
    0x0801f7b2   0x0801f7b2   0x00000002   PAD
    0x0801f7b4   0x0801f7b4   0x00000078   Code   RO         2286    i.ceilf             m_ws.l(ceilf.o)
    0x0801f82c   0x0801f82c   0x0000017c   Code   RO         2290    i.cosf              m_ws.l(cosf.o)
    0x0801f9a8   0x0801f9a8   0x00000020   Code   RO         2298    i.difftime          m_ws.l(difftime.o)
    0x0801f9c8   0x0801f9c8   0x00000170   Code   RO         2302    i.expf              m_ws.l(expf.o)
    0x0801fb38   0x0801fb38   0x0000003c   Code   RO         2406    i.fgets             mc_w.l(fgets.o)
    0x0801fb74   0x0801fb74   0x0000007c   Code   RO         2312    i.floorf            m_ws.l(floorf.o)
    0x0801fbf0   0x0801fbf0   0x0000006c   Code   RO         2316    i.fmodf             m_ws.l(fmodf.o)
    0x0801fc5c   0x0801fc5c   0x00000012   Code   RO         2964    i.fputc             mc_w.l(fputc.o)
    0x0801fc6e   0x0801fc6e   0x00000034   Code   RO         2408    i.fread             mc_w.l(fread.o)
    0x0801fca2   0x0801fca2   0x00000002   PAD
    0x0801fca4   0x0801fca4   0x00000058   Code   RO         3088    i.frexp             m_ws.l(frexp.o)
    0x0801fcfc   0x0801fcfc   0x00000046   Code   RO         2324    i.frexpf            m_ws.l(frexpf.o)
    0x0801fd42   0x0801fd42   0x00000024   Code   RO         2404    i.fwrite            mc_w.l(fwrite.o)
    0x0801fd66   0x0801fd66   0x00000004   Code   RO         2410    i.getc              mc_w.l(getc.o)
    0x0801fd6a   0x0801fd6a   0x00000002   PAD
    0x0801fd6c   0x0801fd6c   0x00000050   Code   RO         2810    i.internal_alloc    mc_w.l(mallocr.o)
    0x0801fdbc   0x0801fdbc   0x00000012   Code   RO          476    i.isspace           wstring.o
    0x0801fdce   0x0801fdce   0x00000002   PAD
    0x0801fdd0   0x0801fdd0   0x000001b4   Code   RO         2328    i.log10f            m_ws.l(log10f.o)
    0x0801ff84   0x0801ff84   0x00000198   Code   RO         2338    i.log2f             m_ws.l(log2f.o)
    0x0802011c   0x0802011c   0x00000190   Code   RO         2348    i.logf              m_ws.l(logf.o)
    0x080202ac   0x080202ac   0x00000620   Code   RO         2358    i.powf              m_ws.l(powf.o)
    0x080208cc   0x080208cc   0x0000006c   Code   RO         2811    i.realloc           mc_w.l(mallocr.o)
    0x08020938   0x08020938   0x00000188   Code   RO         2368    i.sinf              m_ws.l(sinf.o)
    0x08020ac0   0x08020ac0   0x0000002c   Code   RO         2376    i.sqrtf             m_ws.l(sqrtf.o)
    0x08020aec   0x08020aec   0x00000014   Code   RO         2384    i.strtof            m_ws.l(strtof.o)
    0x08020b00   0x08020b00   0x00000174   Code   RO         2388    i.tanf              m_ws.l(tanf.o)
    0x08020c74   0x08020c74   0x00000088   Data   RO          633    .constdata          lapi.o
    0x08020cfc   0x08020cfc   0x0000010c   Data   RO          748    .constdata          lbaselib.o
    0x08020e08   0x08020e08   0x00000040   Data   RO          854    .constdata          lcorolib.o
    0x08020e48   0x08020e48   0x00000101   Data   RO          879    .constdata          lctype.o
    0x08020f49   0x08020f49   0x00000003   PAD
    0x08020f4c   0x08020f4c   0x000000a0   Data   RO          895    .constdata          ldblib.o
    0x08020fec   0x08020fec   0x00000058   Data   RO         1083    .constdata          linit.o
    0x08021044   0x08021044   0x000000e8   Data   RO         1098    .constdata          liolib.o
    0x0802112c   0x0802112c   0x00000094   Data   RO         1122    .constdata          llex.o
    0x080211c0   0x080211c0   0x000000e0   Data   RO         1167    .constdata          lmathlib.o
    0x080212a0   0x080212a0   0x00000068   Data   RO         1204    .constdata          loadlib.o
    0x08021308   0x08021308   0x00000108   Data   RO         1219    .constdata          lobject.o
    0x08021410   0x08021410   0x000000ef   Data   RO         1256    .constdata          lopcodes.o
    0x080214ff   0x080214ff   0x00000001   PAD
    0x08021500   0x08021500   0x000000ac   Data   RO         1273    .constdata          loslib.o
    0x080215ac   0x080215ac   0x0000002a   Data   RO         1316    .constdata          lparser.o
    0x080215d6   0x080215d6   0x00000002   PAD
    0x080215d8   0x080215d8   0x00000094   Data   RO         1370    .constdata          lstrlib.o
    0x0802166c   0x0802166c   0x00000014   Data   RO         1391    .constdata          ltable.o
    0x08021680   0x08021680   0x00000040   Data   RO         1405    .constdata          ltablib.o
    0x080216c0   0x080216c0   0x00000098   Data   RO         1420    .constdata          ltm.o
    0x08021758   0x08021758   0x00000048   Data   RO         1451    .constdata          lutf8lib.o
    0x080217a0   0x080217a0   0x00000700   Data   RO         1588    .constdata          gpio.o
    0x08021ea0   0x08021ea0   0x00000030   Data   RO         2303    .constdata          m_ws.l(expf.o)
    0x08021ed0   0x08021ed0   0x00000040   Data   RO         2329    .constdata          m_ws.l(log10f.o)
    0x08021f10   0x08021f10   0x00000040   Data   RO         2339    .constdata          m_ws.l(log2f.o)
    0x08021f50   0x08021f50   0x00000040   Data   RO         2349    .constdata          m_ws.l(logf.o)
    0x08021f90   0x08021f90   0x00000140   Data   RO         2359    .constdata          m_ws.l(powf.o)
    0x080220d0   0x080220d0   0x00000081   Data   RO         2448    .constdata          mc_w.l(ctype_o.o)
    0x08022151   0x08022151   0x00000003   PAD
    0x08022154   0x08022154   0x00000004   Data   RO         2449    .constdata          mc_w.l(ctype_o.o)
    0x08022158   0x08022158   0x0000000c   Data   RO         2495    .constdata          mc_w.l(mktime.o)
    0x08022164   0x08022164   0x00000056   Data   RO         2498    .constdata          mc_w.l(strftime.o)
    0x080221ba   0x080221ba   0x00000002   PAD
    0x080221bc   0x080221bc   0x00000020   Data   RO         2943    .constdata          m_ws.l(rredf.o)
    0x080221dc   0x080221dc   0x00000038   Data   RO         2975    .constdata          mc_w.l(ilconv.o)
    0x08022214   0x08022214   0x0000000c   Data   RO         2981    .constdata          mc_w.l(localtime_i.o)
    0x08022220   0x08022220   0x00000024   Data   RO          237    .constdata__ZTV14HardwareSerial  hardwareserial.o
    0x08022244   0x08022244   0x00000014   Data   RO          152    .constdata__ZTV5Print  print.o
    0x08022258   0x08022258   0x00000024   Data   RO          239    .constdata__ZTV6Stream  hardwareserial.o
    0x0802227c   0x0802227c   0x00000010   Data   RO          552    .constdata__ZTV7TwoWire  wire.o
    0x0802228c   0x0802228c   0x00000010   Data   RO          592    .constdata__ZTV8WireBase  wirebase.o
    0x0802229c   0x0802229c   0x00000131   Data   RO          749    .conststring        lbaselib.o
    0x080223cd   0x080223cd   0x00000003   PAD
    0x080223d0   0x080223d0   0x0000003b   Data   RO          855    .conststring        lcorolib.o
    0x0802240b   0x0802240b   0x00000001   PAD
    0x0802240c   0x0802240c   0x000000c4   Data   RO          896    .conststring        ldblib.o
    0x080224d0   0x080224d0   0x0000003b   Data   RO         1084    .conststring        linit.o
    0x0802250b   0x0802250b   0x00000001   PAD
    0x0802250c   0x0802250c   0x0000008b   Data   RO         1099    .conststring        liolib.o
    0x08022597   0x08022597   0x00000001   PAD
    0x08022598   0x08022598   0x000000d8   Data   RO         1123    .conststring        llex.o
    0x08022670   0x08022670   0x000000b0   Data   RO         1168    .conststring        lmathlib.o
    0x08022720   0x08022720   0x00000126   Data   RO         1205    .conststring        loadlib.o
    0x08022846   0x08022846   0x00000002   PAD
    0x08022848   0x08022848   0x0000015f   Data   RO         1257    .conststring        lopcodes.o
    0x080229a7   0x080229a7   0x00000001   PAD
    0x080229a8   0x080229a8   0x000000c9   Data   RO         1274    .conststring        loslib.o
    0x08022a71   0x08022a71   0x00000003   PAD
    0x08022a74   0x08022a74   0x0000007f   Data   RO         1371    .conststring        lstrlib.o
    0x08022af3   0x08022af3   0x00000001   PAD
    0x08022af4   0x08022af4   0x0000001d   Data   RO         1406    .conststring        ltablib.o
    0x08022b11   0x08022b11   0x00000003   PAD
    0x08022b14   0x08022b14   0x000000eb   Data   RO         1421    .conststring        ltm.o
    0x08022bff   0x08022bff   0x00000001   PAD
    0x08022c00   0x08022c00   0x00000026   Data   RO         1452    .conststring        lutf8lib.o
    0x08022c26   0x08022c26   0x00000002   PAD
    0x08022c28   0x08022c28   0x00000057   Data   RO         1841    .conststring        lua_call.o
    0x08022c7f   0x08022c7f   0x00000001   PAD
    0x08022c80   0x08022c80   0x00000002   Data   RO         2976    .conststring        mc_w.l(ilconv.o)
    0x08022c82   0x08022c82   0x00000002   PAD
    0x08022c84   0x08022c84   0x00000020   Data   RO         3099    Region$$Table       anon$$obj.o
    0x08022ca4   0x08022ca4   0x00000004   Data   RO          216    .init_array         hardwareserial.o
    0x08022ca8   0x08022ca4   0x00000004   Data   RO          532    .init_array         wire.o
    0x08022cac   0x08022ca4   0x00000004   Data   RO          607    .init_array         spi.o
    0x08022cb0   0x08022ca4   0x00000000   Data   RO         2842    .init_array         mc_w.l(cpp_init.o)


    Execution Region RW_IRAM1 (Exec base: 0x20000000, Load base: 0x08022cb0, Size: 0x00009368, Max: 0x00010000, ABSOLUTE)

    Exec Addr    Load Addr    Size         Type   Attr      Idx    E Section Name        Object

    0x20000000   0x08022cb0   0x00000001   Data   RW          467    .data               wstring.o
    0x20000001   0x08022cb1   0x00000003   PAD
    0x20000004   0x08022cb4   0x00000004   Data   RW         1523    .data               delay.o
    0x20000008   0x08022cb8   0x00000040   Data   RW         1558    .data               exti.o
    0x20000048   0x08022cf8   0x00000018   Data   RW         1679    .data               usart.o
    0x20000060   0x08022d10   0x00000020   Data   RW         1709    .data               time_exti.o
    0x20000080   0x08022d30   0x00000001   Data   RW         1741    .data               main.o
    0x20000081   0x08022d31   0x00000014   Data   RW         2010    .data               stm32f10x_rcc.o
    0x20000095   0x08022d45   0x00000003   PAD
    0x20000098   0x08022d48   0x00000014   Data   RW         2115    .data               system_stm32f10x.o
    0x200000ac   0x08022d5c   0x00000003   Data   RW         2399    .data               mc_w.l(fgetc_u.o)
    0x200000af   0x08022d5f   0x00000001   PAD
    0x200000b0   0x08022d60   0x00000004   Data   RW         2442    .data               mc_w.l(stdin.o)
    0x200000b4   0x08022d64   0x00000004   Data   RW         2443    .data               mc_w.l(stdout.o)
    0x200000b8   0x08022d68   0x00000004   Data   RW         2444    .data               mc_w.l(stderr.o)
    0x200000bc   0x08022d6c   0x00000004   Data   RW         2480    .data               mc_w.l(rand.o)
    0x200000c0   0x08022d70   0x00000004   Data   RW         2835    .data               mc_w.l(errno.o)
    0x200000c4   0x08022d74   0x00000004   Data   RW         2983    .data               mc_w.l(mvars.o)
    0x200000c8   0x08022d78   0x00000004   Data   RW         2984    .data               mc_w.l(mvars.o)
    0x200000cc   0x08022d7c   0x00000004   Data   RW         2994    .data               mc_w.l(cpp_dtor.o)
    0x200000d0   0x08022d80   0x0000000c   Data   RW         3072    .data               mc_w.l(cpp_memory.o)
    0x200000dc        -       0x00000048   Zero   RW          215    .bss                hardwareserial.o
    0x20000124        -       0x00000058   Zero   RW          531    .bss                wire.o
    0x2000017c        -       0x00000030   Zero   RW          606    .bss                spi.o
    0x200001ac        -       0x00000010   Zero   RW         1624    .bss                adc.o
    0x200001bc        -       0x00000180   Zero   RW         1678    .bss                usart.o
    0x2000033c        -       0x0000002c   Zero   RW         2978    .bss                mc_w.l(localtime_w.o)
    0x20000368        -       0x00008000   Zero   RW         2105    HEAP                startup_stm32f10x_hd.o
    0x20008368        -       0x00001000   Zero   RW         2104    STACK               startup_stm32f10x_hd.o


==============================================================================

Image component sizes


      Code (inc. data)   RO Data    RW Data    ZI Data      Debug   Object Name

       704         24          0          0         16       2296   adc.o
       800          8          0          0          0     287884   arduino.o
       148         10          0          4          0       1321   delay.o
        64         14          0          0          0        690   dtostrf.o
       592         12          0         64          0       2779   exti.o
       336         32       1792          0          0       3538   gpio.o
       388         50         76          0         72     237185   hardwareserial.o
       290          0          0          0          0       2431   itoa.o
      5926         74        136          0          0      50757   lapi.o
      5372        930          0          0          0      27805   lauxlib.o
      2700        412        573          0          0       9215   lbaselib.o
         0          0          0          0          0       7716   lbitlib.o
      4836        246          0          0          0      47520   lcode.o
       836        162        123          0          0      10768   lcorolib.o
         0          0        257          0          0       2910   lctype.o
      2712        402        356          0          0       8684   ldblib.o
      3332        398          0          0          0      34940   ldebug.o
      3464        320          0          0          0      34602   ldo.o
       952         30          0          0          0      21898   ldump.o
       588          0          0          0          0       3325   lfunc.o
      4604         64          0          0          0      36268   lgc.o
        44          4        147          0          0       1100   linit.o
      3564        488        371          0          0      14197   liolib.o
      4428        422        364          0          0      30328   llex.o
      1832        172        400          0          0       6555   lmathlib.o
       292         68          0          0          0       1434   lmem.o
      2848        568        398          0          0       9286   loadlib.o
      2232        174        264          0          0      25240   lobject.o
         0          0        590          0          0        748   lopcodes.o
      1832        346        373          0          0      14034   loslib.o
      8578        678         42          0          0      32766   lparser.o
      1040         10          0          0          0       6464   lstate.o
      1008         28          0          0          0       5286   lstring.o
      8844       1202        275          0          0      24021   lstrlib.o
      2704         96         20          0          0      11613   ltable.o
      2220        308         93          0          0       6572   ltablib.o
       688         74        387          0          0       4855   ltm.o
      1792        534         87          0          0       9484   lua_call.o
      1732        270          0          0          0       5838   lundump.o
      1316        258        110          0          0       4647   lutf8lib.o
     11430        446          0          0          0      44576   lvm.o
       158          0          0          0          0       1776   lzio.o
       708        220          0          1          0      13429   main.o
       220         22          0          0          0       1925   misc.o
      1484         38         20          0          0      26012   print.o
       524         26          0          0          0       2579   pwm.o
       976         30          4          0         48       8812   spi.o
        36          8        304          0      36864        784   startup_stm32f10x_hd.o
      1102         26          0          0          0      11165   stm32f10x_adc.o
       596          8          0          0          0       4490   stm32f10x_dma.o
       284         10          0          0          0       2383   stm32f10x_exti.o
       860         38          0          0          0       5861   stm32f10x_gpio.o
       932         36          0         20          0       9024   stm32f10x_rcc.o
       780         14          0          0          0       6738   stm32f10x_spi.o
      3610         88          0          0          0      22968   stm32f10x_tim.o
      1032         22          0          0          0       8580   stm32f10x_usart.o
      1182         12          0          0          0      19148   stream.o
       480         38          0         20          0       1791   system_stm32f10x.o
       768         74          0         32          0       3198   time_exti.o
       604         46          0         24        384       2780   usart.o
       684         18         20          0         88       5907   wire.o
         0          0         16          0          0          0   wirebase.o
      3302          8          0          1          0      30570   wstring.o

    ----------------------------------------------------------------------
    117404      10116       7656        172      37472    1283496   Object Totals
         0          0         32          0          0          0   (incl. Generated)
        14          0         26          6          0          0   (incl. Padding)

    ----------------------------------------------------------------------

      Code (inc. data)   RO Data    RW Data    ZI Data      Debug   Library Member Name

        80         12          0          0          0        104   arm_exceptions_globs.o
        60          0          0          0          0        108   arm_exceptions_mem.o
        26          0          0          0          0         76   arm_exceptions_terminate.o
         4          0          0          0          0         68   arm_newhandler_noexceptions.o
         8          0          0          0          0         76   array_del.o
         8          0          0          0          0         76   array_new.o
         8          0          0          0          0         76   delete.o
        40          6          0          0          0         76   new.o
         6          0          0          0          0         68   pure_virt.o
       284         42          0          0          0        120   acosf.o
       292         38          0          0          0        120   asinf.o
       604         76          0          0          0        116   atan2f.o
        42          0          0          0          0         84   atof.o
       120         10          0          0          0         84   ceilf.o
       380         52          0          0          0        124   cosf.o
        32          0          0          0          0         88   difftime.o
       368         46         48          0          0        156   expf.o
       124         12          0          0          0         84   floorf.o
       108          0          0          0          0         96   fmodf.o
        38          0          0          0          0         68   fpclassifyf.o
        88          8          0          0          0         76   frexp.o
        70          0          0          0          0         76   frexpf.o
        48          0          0          0          0        408   funder.o
       436         52         64          0          0        132   log10f.o
       408         46         64          0          0        132   log2f.o
       400         38         64          0          0        132   logf.o
       204          4          0          0          0        168   narrow.o
      1568         80        320          0          0        224   powf.o
       360         16         32          0          0         88   rredf.o
       392         54          0          0          0        124   sinf.o
        44          0          0          0          0         80   sqrtf.o
        20          0          0          0          0         76   strtof.o
       372         58          0          0          0        124   tanf.o
        28          0          0          0          0         68   _chval.o
        64          0          0          0          0         84   _sgetc.o
       158          0          0          0          0         92   _strtoul.o
        46          0          0          0          0         84   aeabi_atexit.o
        26          0          0          0          0         80   atol.o
         8          4          0          4          0         68   cpp_dtor.o
         2          0          0          0          0         68   cpp_final.o
        32         10          0          0          0         80   cpp_init.o
        20          4          0         12          0        136   cpp_memory.o
         2          0          0          0          0         68   cpp_signal.o
         8          4        133          0          0         68   ctype_o.o
        66          0          0          0          0         84   cxa_finalize.o
         0          0          0          0          0          0   entry.o
         0          0          0          0          0          0   entry10a.o
         4          0          0          0          0          0   entry10b.o
         0          0          0          0          0          0   entry11a.o
         8          4          0          0          0          0   entry2.o
         4          0          0          0          0          0   entry5.o
         0          0          0          0          0          0   entry7b.o
         4          0          0          0          0          0   entry8a.o
         0          0          0          0          0          0   entry8b.o
         8          4          0          0          0          0   entry9a.o
        32         16          0          4          0        204   errno.o
        56          6          0          3          0        136   fgetc_u.o
        60          0          0          0          0         84   fgets.o
        18          0          0          0          0         80   fputc.o
        52          0          0          0          0         88   fread.o
        36          0          0          0          0         84   fwrite.o
         4          0          0          0          0         68   getc.o
        30          0          0          0          0          0   handlers.o
         0          0         58          0          0          0   ilconv.o
        36          8          0          0          0         68   init.o
         0          0          0          0          0          0   iusefp.o
         0          0          0          0          0          0   iusesemig.o
         0          0          0          0          0          0   iusesemip.o
        30          0          0          0          0         68   llshl.o
        36          0          0          0          0         68   llsshr.o
        32          0          0          0          0         68   llushr.o
         8          4          0          0          0         68   localeconv.o
       140          6         12          0          0         76   localtime_i.o
        12          6          0          0         44         68   localtime_w.o
       360         30          0          0          0        356   mallocr.o
        20          0          0          0          0         68   memchr.o
        26          0          0          0          0         80   memcmp.o
        64          0          0          0          0         76   memmovea.o
       168         18         12          0          0         80   mktime.o
         0          0          0          8          0          0   mvars.o
      2410        102          0          0          0        836   printfa.o
        36         10          0          4          0        136   rand.o
       878         12          0          0          0        216   scanf_fp.o
         0          0          0          0          0          0   semi.o
         0          0          0          4          0          0   stderr.o
         0          0          0          4          0          0   stdin.o
         0          0          0          4          0          0   stdout.o
        20          0          0          0          0         68   strchr.o
        28          0          0          0          0         76   strcmp.o
         4          0          0          0          0         68   strcoll.o
        18          0          0          0          0         68   strcpy.o
       228        196          0          0          0         68   strerror.o
       916        264         86          0          0        144   strftime.o
        14          0          0          0          0         68   strlen.o
        30          0          0          0          0         80   strncmp.o
        24          0          0          0          0         76   strncpy.o
        32          0          0          0          0         76   strpbrk.o
        32          0          0          0          0         68   strrchr.o
        28          0          0          0          0         80   strspn.o
        36          0          0          0          0         80   strstr.o
       156         12          0          0          0        120   strtod.o
        26          0          0          0          0         80   strtof.o
       112          0          0          0          0         88   strtol.o
        12          0          0          0          0         68   tolower.o
        12          0          0          0          0         68   toupper.o
        44          0          0          0          0         80   uidiv.o
        98          0          0          0          0         92   uldiv.o
        48          0          0          0          0         68   cdcmple.o
        48          0          0          0          0         68   cdrcmple.o
        20          0          0          0          0         68   cfcmple.o
        20          0          0          0          0         68   cfrcmple.o
        56          0          0          0          0         88   d2f.o
       334          0          0          0          0        148   dadd.o
       222          0          0          0          0        100   ddiv.o
       186          0          0          0          0        176   depilogue.o
        62          0          0          0          0         80   dfixi.o
        74          0          0          0          0         80   dfixl.o
        48          0          0          0          0         68   dfixul.o
        34          0          0          0          0         76   dflti.o
        40          0          0          0          0         80   dfltl.o
        26          0          0          0          0         76   dfltui.o
        24          0          0          0          0         76   dfltul.o
       228          0          0          0          0         96   dmul.o
        46          0          0          0          0         80   dscalb.o
        38          0          0          0          0         68   f2d.o
       176          0          0          0          0        140   fadd.o
       124          0          0          0          0         88   fdiv.o
       110          0          0          0          0        168   fepilogue.o
        50          0          0          0          0         68   ffixi.o
        76          0          0          0          0         76   ffixir.o
        40          0          0          0          0         68   ffixui.o
        18          0          0          0          0         68   fflti.o
        10          0          0          0          0         68   ffltui.o
       100          0          0          0          0         76   fmul.o
         4          0          0          0          0         68   fpstat.o
        82          0          0          0          0         96   frem.o
        60          0          0          0          0         76   frnd.o
        24          0          0          0          0         68   fscalb.o
        94          0          0          0          0         96   fsqrt.o
        62          0          0          0          0         96   setjmp.o

    ----------------------------------------------------------------------
     16552       1370        900         48         44      12264   Library Totals
        24          0          7          1          0          0   (incl. Padding)

    ----------------------------------------------------------------------

      Code (inc. data)   RO Data    RW Data    ZI Data      Debug   Library Name

       240         18          0          0          0        728   cpprt_w.l
      6802        632        592          0          0       2980   m_ws.l
      6902        720        301         47         44       5672   mc_w.l
      2584          0          0          0          0       2884   mf_w.l

    ----------------------------------------------------------------------
     16552       1370        900         48         44      12264   Library Totals

    ----------------------------------------------------------------------

==============================================================================


      Code (inc. data)   RO Data    RW Data    ZI Data      Debug   

    133956      11486       8556        220      37516    1283276   Grand Totals
    133956      11486       8556        220      37516    1283276   ELF Image Totals
    133956      11486       8556        220          0          0   ROM Totals

==============================================================================

    Total RO  Size (Code + RO Data)               142512 ( 139.17kB)
    Total RW  Size (RW Data + ZI Data)             37736 (  36.85kB)
    Total ROM Size (Code + RO Data + RW Data)     142732 ( 139.39kB)

==============================================================================

